// Vitest Snapshot v1, https://vitest.dev/guide/snapshot.html

exports[`AppEvents > all event values match snapshot 1`] = `
{
  "AFTER_NEW": "app:after-new",
  "AFTER_OPEN": "app:after-open",
  "AFTER_SAVE": "app:after-save",
  "ANNOTATIONS_CHANGED": "app:annotations-changed",
  "BEFORE_CLOSE": "app:before-close",
  "BEFORE_NEW": "app:before-new",
  "BEFORE_OPEN": "app:before-open",
  "BEFORE_SAVE": "app:before-save",
  "CELLS_UPDATED": "app:cells-updated",
  "CELL_VALUES_CHANGED": "app:cell-values-changed",
  "CHART_SELECTION_CHANGED": "app:chart-selection-changed",
  "COLUMNS_DELETED": "app:columns-deleted",
  "COLUMNS_INSERTED": "app:columns-inserted",
  "CONTEXT_MENU_CLOSE": "app:context-menu-close",
  "CONTEXT_MENU_REQUEST": "app:context-menu-request",
  "COPY": "app:copy",
  "CUT": "app:cut",
  "DATA_CHANGED": "app:data-changed",
  "DIRTY_STATE_CHANGED": "app:dirty-state-changed",
  "DISPLAY_FORMULA_BAR_TOGGLED": "app:display-formula-bar-toggled",
  "DISPLAY_GRIDLINES_TOGGLED": "app:display-gridlines-toggled",
  "DISPLAY_HEADINGS_TOGGLED": "app:display-headings-toggled",
  "DISPLAY_ZEROS_TOGGLED": "app:display-zeros-toggled",
  "EDIT_ENDED": "app:edit-ended",
  "EDIT_STARTED": "app:edit-started",
  "FILL_COMPLETED": "app:fill-completed",
  "FIND": "app:find",
  "FREEZE_CHANGED": "app:freeze-changed",
  "GRID_REFRESH": "app:grid-refresh",
  "LINKED_SHEETS_REFRESHED": "app:linked-sheets-refreshed",
  "LOCALE_CHANGED": "app:locale-changed",
  "NAMEBOX_FOCUS": "app:namebox-focus",
  "NAMED_RANGES_CHANGED": "app:named-ranges-changed",
  "NAVIGATE_TO_CELL": "app:navigate-to-cell",
  "PASTE": "app:paste",
  "PREVENT_BLUR_COMMIT": "app:prevent-blur-commit",
  "REFERENCE_STYLE_CHANGED": "app:reference-style-changed",
  "REPLACE": "app:replace",
  "RIBBON_TOGGLE_MINIMIZE": "app:ribbon-toggle-minimize",
  "ROWS_DELETED": "app:rows-deleted",
  "ROWS_INSERTED": "app:rows-inserted",
  "SELECTION_CHANGED": "app:selection-changed",
  "SHEET_CHANGED": "app:sheet-changed",
  "SHOW_FORMULAS_TOGGLED": "app:show-formulas-toggled",
  "SPLIT_CHANGED": "app:split-changed",
  "STATUS_BAR_CONTEXT_MENU": "app:status-bar-context-menu",
  "STATUS_BAR_TEXT_CHANGED": "app:status-bar-text-changed",
  "THEME_CHANGED": "app:theme-changed",
  "VIEW_MODE_CHANGED": "app:view-mode-changed",
  "ZOOM_CHANGED": "app:zoom-changed",
}
`;

exports[`CoreCommands > all command values match snapshot 1`] = `
{
  "CLEAR_ALL": "core.edit.clearAll",
  "CLEAR_COMMENTS": "core.edit.clearComments",
  "CLEAR_CONTENTS": "core.edit.clearContents",
  "CLEAR_FORMATTING": "core.edit.clearFormatting",
  "CLEAR_HYPERLINKS": "core.edit.clearHyperlinks",
  "COPY": "core.clipboard.copy",
  "CUT": "core.clipboard.cut",
  "DECREASE_INDENT": "core.format.decreaseIndent",
  "DELETE_COLUMN": "core.grid.deleteColumn",
  "DELETE_ROW": "core.grid.deleteRow",
  "FILL_DOWN": "core.edit.fillDown",
  "FILL_LEFT": "core.edit.fillLeft",
  "FILL_RIGHT": "core.edit.fillRight",
  "FILL_UP": "core.edit.fillUp",
  "FIND": "core.edit.find",
  "FORMAT_CELLS": "core.format.cells",
  "FORMAT_PAINTER": "core.format.painter",
  "FORMAT_PAINTER_LOCK": "core.format.painterLock",
  "FREEZE_PANES": "core.grid.freeze",
  "INCREASE_INDENT": "core.format.increaseIndent",
  "INSERT_COLUMN": "core.grid.insertColumn",
  "INSERT_ROW": "core.grid.insertRow",
  "MERGE_CELLS": "core.grid.merge",
  "PASTE": "core.clipboard.paste",
  "PASTE_FORMATTING": "core.clipboard.pasteFormatting",
  "PASTE_FORMULAS": "core.clipboard.pasteFormulas",
  "PASTE_LINK": "core.clipboard.pasteLink",
  "PASTE_SPECIAL": "core.clipboard.pasteSpecial",
  "PASTE_VALUES": "core.clipboard.pasteValues",
  "REDO": "core.edit.redo",
  "REPLACE": "core.edit.replace",
  "UNDO": "core.edit.undo",
  "UNMERGE_CELLS": "core.grid.unmerge",
}
`;
